#
# There is insufficient memory for the Java Runtime Environment to continue.
# Native memory allocation (malloc) failed to allocate 1178160 bytes. Error detail: Chunk::new
# Possible reasons:
#   The system is out of physical RAM or swap space
#   This process is running with CompressedOops enabled, and the Java Heap may be blocking the growth of the native heap
# Possible solutions:
#   Reduce memory load on the system
#   Increase physical memory or swap space
#   Check if swap backing store is full
#   Decrease Java heap size (-Xmx/-Xms)
#   Decrease number of Java threads
#   Decrease Java thread stack sizes (-Xss)
#   Set larger code cache with -XX:ReservedCodeCacheSize=
#   JVM is running with Unscaled Compressed Oops mode in which the Java heap is
#     placed in the first 4GB address space. The Java Heap base address is the
#     maximum limit for the native heap growth. Please use -XX:HeapBaseMinAddress
#     to set the Java Heap base and to place the Java Heap above 4GB virtual address.
# This output file may be truncated or incomplete.
#
#  Out of Memory Error (arena.cpp:168), pid=9696, tid=14996
#
# JRE version: OpenJDK Runtime Environment Temurin-21.0.12.1+1 (21.0.12.1+1) (build 21.0.12.1+1-LTS)
# Java VM: OpenJDK 64-Bit Server VM Temurin-21.0.12.1+1 (21.0.12.1+1-LTS, mixed mode, sharing, tiered, compressed oops, compressed class ptrs, parallel gc, windows-amd64)
# No core dump will be written. Minidumps are not enabled by default on client versions of Windows
#

---------------  S U M M A R Y ------------

Command Line: --add-modules=ALL-SYSTEM --add-opens=java.base/java.util=ALL-UNNAMED --add-opens=java.base/java.lang=ALL-UNNAMED --add-opens=java.base/sun.nio.fs=ALL-UNNAMED -Declipse.application=org.eclipse.jdt.ls.core.id1 -Dosgi.bundles.defaultStartLevel=4 -Declipse.product=org.eclipse.jdt.ls.core.product -Djava.import.generatesMetadataFilesAtProjectRoot=false -Dm2e.project.cache.size=50 -DDetectVMInstallationsJob.disabled=true -Dfile.encoding=utf8 -XX:+UseParallelGC -XX:GCTimeRatio=4 -XX:AdaptiveSizePolicyWeight=90 -Dsun.zip.disableMemoryMapping=true -Xmx2G -Xms100m -Xlog:disable -javaagent:c:\Users\Camargo\.vscode\extensions\redhat.java-1.56.0-win32-x64\lombok\lombok-1.18.39-4050.jar -XX:+HeapDumpOnOutOfMemoryError -XX:HeapDumpPath=c:\Users\Camargo\AppData\Roaming\Code\User\workspaceStorage\75a664772d94103f67c775188cdd8996\redhat.java -Daether.dependencyCollector.impl=bf c:\Users\Camargo\.vscode\extensions\redhat.java-1.56.0-win32-x64\server\plugins\org.eclipse.equinox.launcher_1.8.0.v20260804-1928.jar -configuration c:\Users\Camargo\AppData\Roaming\Code\User\globalStorage\redhat.java\1.56.0\config_win -data c:\Users\Camargo\AppData\Roaming\Code\User\workspaceStorage\75a664772d94103f67c775188cdd8996\redhat.java\jdt_ws --pipe=\\.\pipe\lsp-95c2b578c5b58e6d1ee7b6a98a6b0482-sock

Host: AMD Ryzen 5 PRO 5655G with Radeon Graphics     , 12 cores, 15G,  Windows 11 , 64 bit Build 26100 (10.0.26100.8875)
Time: Thu Sep  3 20:36:21 2026 Hora oficial do Brasil elapsed time: 20.295943 seconds (0d 0h 0m 20s)

---------------  T H R E A D  ---------------

Current thread (0x000001e1f22fc790):  JavaThread "C2 CompilerThread1" daemon [_thread_in_native, id=14996, stack(0x00000002cb300000,0x00000002cb400000) (1024K)]


Current CompileTask:
C2:20296 3516       4       org.eclipse.osgi.storage.BundleInfo$CachedManifest::get (6 bytes)

Stack: [0x00000002cb300000,0x00000002cb400000]
Native frames: (J=compiled Java code, j=interpreted, Vv=VM code, C=native code)
V  [jvm.dll+0x6d83e9]
V  [jvm.dll+0x8b5736]
V  [jvm.dll+0x8b7cee]
V  [jvm.dll+0x8b83d3]
V  [jvm.dll+0x284596]
V  [jvm.dll+0xc685d]
V  [jvm.dll+0xc6da1]
V  [jvm.dll+0x3bf18b]
V  [jvm.dll+0x38b6d2]
V  [jvm.dll+0x38ab1a]
V  [jvm.dll+0x24c700]
V  [jvm.dll+0x24bce0]
V  [jvm.dll+0x1cb4ae]
V  [jvm.dll+0x25baad]
V  [jvm.dll+0x25a03a]
V  [jvm.dll+0x3f8aae]
V  [jvm.dll+0x8600cd]
V  [jvm.dll+0x6d6c1d]
C  [ucrtbase.dll+0x2cd30]
C  [KERNEL32.DLL+0x2e957]
C  [ntdll.dll+0xaad6c]


---------------  P R O C E S S  ---------------

Threads class SMR info:
_java_thread_list=0x000001e1f2285430, length=19, elements={
0x000001e1d26e1240, 0x000001e1ed391730, 0x000001e1ed397570, 0x000001e1ed3a7c90,
0x000001e1ed3a6250, 0x000001e1ed3a6f70, 0x000001e1ed3a8320, 0x000001e1ed3b72d0,
0x000001e1ed3b94c0, 0x000001e1ed3a7600, 0x000001e1ed3a4ea0, 0x000001e1f205ae10,
0x000001e1f205b4a0, 0x000001e1f20586b0, 0x000001e1f2058020, 0x000001e1f205bb30,
0x000001e1f205c1c0, 0x000001e1f22fc790, 0x000001e1f20593d0
}

Java Threads: ( => current thread )
  0x000001e1d26e1240 JavaThread "main"                              [_thread_blocked, id=2656, stack(0x00000002c9d00000,0x00000002c9e00000) (1024K)]
  0x000001e1ed391730 JavaThread "Reference Handler"          daemon [_thread_blocked, id=5904, stack(0x00000002ca100000,0x00000002ca200000) (1024K)]
  0x000001e1ed397570 JavaThread "Finalizer"                  daemon [_thread_blocked, id=14940, stack(0x00000002ca200000,0x00000002ca300000) (1024K)]
  0x000001e1ed3a7c90 JavaThread "Signal Dispatcher"          daemon [_thread_blocked, id=8768, stack(0x00000002ca300000,0x00000002ca400000) (1024K)]
  0x000001e1ed3a6250 JavaThread "Attach Listener"            daemon [_thread_blocked, id=6908, stack(0x00000002ca400000,0x00000002ca500000) (1024K)]
  0x000001e1ed3a6f70 JavaThread "Service Thread"             daemon [_thread_blocked, id=3908, stack(0x00000002ca500000,0x00000002ca600000) (1024K)]
  0x000001e1ed3a8320 JavaThread "Monitor Deflation Thread"   daemon [_thread_blocked, id=11908, stack(0x00000002ca600000,0x00000002ca700000) (1024K)]
  0x000001e1ed3b72d0 JavaThread "C2 CompilerThread0"         daemon [_thread_in_native, id=2912, stack(0x00000002ca700000,0x00000002ca800000) (1024K)]
  0x000001e1ed3b94c0 JavaThread "C1 CompilerThread0"         daemon [_thread_blocked, id=7152, stack(0x00000002ca800000,0x00000002ca900000) (1024K)]
  0x000001e1ed3a7600 JavaThread "Common-Cleaner"             daemon [_thread_blocked, id=10564, stack(0x00000002ca900000,0x00000002caa00000) (1024K)]
  0x000001e1ed3a4ea0 JavaThread "Notification Thread"        daemon [_thread_blocked, id=13548, stack(0x00000002cab00000,0x00000002cac00000) (1024K)]
  0x000001e1f205ae10 JavaThread "Active Thread: Equinox Container: a19d381c-d3e3-4196-a824-fa288c2f7470"        [_thread_blocked, id=14188, stack(0x00000002cac00000,0x00000002cad00000) (1024K)]
  0x000001e1f205b4a0 JavaThread "Framework Event Dispatcher: Equinox Container: a19d381c-d3e3-4196-a824-fa288c2f7470" daemon [_thread_blocked, id=6044, stack(0x00000002cb900000,0x00000002cba00000) (1024K)]
  0x000001e1f20586b0 JavaThread "Start Level: Equinox Container: a19d381c-d3e3-4196-a824-fa288c2f7470" daemon [_thread_in_vm, id=6116, stack(0x00000002cbb00000,0x00000002cbc00000) (1024K)]
  0x000001e1f2058020 JavaThread "Bundle File Closer"         daemon [_thread_blocked, id=7656, stack(0x00000002cbc00000,0x00000002cbd00000) (1024K)]
  0x000001e1f205bb30 JavaThread "Refresh Thread: Equinox Container: a19d381c-d3e3-4196-a824-fa288c2f7470" daemon [_thread_blocked, id=7684, stack(0x00000002cbd00000,0x00000002cbe00000) (1024K)]
  0x000001e1f205c1c0 JavaThread "SCR Component Actor"        daemon [_thread_blocked, id=7160, stack(0x00000002caa00000,0x00000002cab00000) (1024K)]
=>0x000001e1f22fc790 JavaThread "C2 CompilerThread1"         daemon [_thread_in_native, id=14996, stack(0x00000002cb300000,0x00000002cb400000) (1024K)]
  0x000001e1f20593d0 JavaThread "Worker-JM"                         [_thread_blocked, id=4812, stack(0x00000002cb400000,0x00000002cb500000) (1024K)]
Total: 19

Other Threads:
  0x000001e1eb37acb0 VMThread "VM Thread"                           [id=10204, stack(0x00000002ca000000,0x00000002ca100000) (1024K)]
  0x000001e1eb26bb20 WatcherThread "VM Periodic Task Thread"        [id=5412, stack(0x00000002c9f00000,0x00000002ca000000) (1024K)]
  0x000001e1d29de1d0 WorkerThread "GC Thread#0"                     [id=10988, stack(0x00000002c9e00000,0x00000002c9f00000) (1024K)]
  0x000001e1eda4b950 WorkerThread "GC Thread#1"                     [id=12988, stack(0x00000002cad00000,0x00000002cae00000) (1024K)]
  0x000001e1eda4bd00 WorkerThread "GC Thread#2"                     [id=4308, stack(0x00000002cae00000,0x00000002caf00000) (1024K)]
  0x000001e1f20e34d0 WorkerThread "GC Thread#3"                     [id=5436, stack(0x00000002caf00000,0x00000002cb000000) (1024K)]
  0x000001e1f20e3880 WorkerThread "GC Thread#4"                     [id=4048, stack(0x00000002cb000000,0x00000002cb100000) (1024K)]
  0x000001e1edd40700 WorkerThread "GC Thread#5"                     [id=2808, stack(0x00000002cb100000,0x00000002cb200000) (1024K)]
  0x000001e1edd40ab0 WorkerThread "GC Thread#6"                     [id=3536, stack(0x00000002cb200000,0x00000002cb300000) (1024K)]
  0x000001e1edb98410 WorkerThread "GC Thread#7"                     [id=2844, stack(0x00000002cba00000,0x00000002cbb00000) (1024K)]
  0x000001e1ed802630 WorkerThread "GC Thread#8"                     [id=14436, stack(0x00000002cc500000,0x00000002cc600000) (1024K)]
  0x000001e1f2fc26b0 WorkerThread "GC Thread#9"                     [id=6556, stack(0x00000002cc600000,0x00000002cc700000) (1024K)]
Total: 12

Threads with active compile tasks:
C2 CompilerThread1  20312 3516       4       org.eclipse.osgi.storage.BundleInfo$CachedManifest::get (6 bytes)
Total: 1

VM state: not at safepoint (normal execution)

VM Mutex/Monitor currently owned by a thread: None

Heap address: 0x0000000080000000, size: 2048 MB, Compressed Oops mode: 32-bit

CDS archive(s) mapped at: [0x000001e180000000-0x000001e180ba0000-0x000001e180ba0000), size 12189696, SharedBaseAddress: 0x000001e180000000, ArchiveRelocationMode: 1.
Compressed class space mapped at: 0x000001e181000000-0x000001e1c1000000, reserved size: 1073741824
Narrow klass base: 0x000001e180000000, Narrow klass shift: 0, Narrow klass range: 0x100000000

GC Precious Log:
 CardTable entry size: 512
 CPUs: 12 total, 12 available
 Memory: 15723M
 Large Page Support: Disabled
 NUMA Support: Disabled
 Compressed Oops: Enabled (32-bit)
 Alignments: Space 512K, Generation 512K, Heap 2M
 Heap Min Capacity: 100M
 Heap Initial Capacity: 100M
 Heap Max Capacity: 2G
 Pre-touch: Disabled
 Parallel Workers: 10

Heap:
 PSYoungGen      total 30208K, used 9668K [0x00000000d5580000, 0x00000000d7980000, 0x0000000100000000)
  eden space 24576K, 16% used [0x00000000d5580000,0x00000000d5973488,0x00000000d6d80000)
  from space 5632K, 99% used [0x00000000d7380000,0x00000000d78fdc20,0x00000000d7900000)
  to   space 6144K, 0% used [0x00000000d6d80000,0x00000000d6d80000,0x00000000d7380000)
 ParOldGen       total 68608K, used 7247K [0x0000000080000000, 0x0000000084300000, 0x00000000d5580000)
  object space 68608K, 10% used [0x0000000080000000,0x0000000080713c10,0x0000000084300000)
 Metaspace       used 14924K, committed 15488K, reserved 1114112K
  class space    used 1513K, committed 1728K, reserved 1048576K

Card table byte_map: [0x000001e1e66a0000,0x000001e1e6ab0000] _byte_map_base: 0x000001e1e62a0000

Marking Bits: (ParMarkBitMap*) 0x00007ffc6a9244a0
 Begin Bits: [0x000001e1e6d60000, 0x000001e1e8d60000)
 End Bits:   [0x000001e1e8d60000, 0x000001e1ead60000)

Polling page: 0x000001e1d2960000

Metaspace:

Usage:
  Non-class:     13.10 MB used.
      Class:      1.48 MB used.
       Both:     14.58 MB used.

Virtual space:
  Non-class space:       64.00 MB reserved,      13.44 MB ( 21%) committed,  1 nodes.
      Class space:        1.00 GB reserved,       1.69 MB ( <1%) committed,  1 nodes.
             Both:        1.06 GB reserved,      15.12 MB (  1%) committed. 

Chunk freelists:
   Non-Class:  2.05 MB
       Class:  14.36 MB
        Both:  16.41 MB

MaxMetaspaceSize: unlimited
CompressedClassSpaceSize: 1.00 GB
Initial GC threshold: 21.00 MB
Current GC threshold: 21.00 MB
CDS: on
 - commit_granule_bytes: 65536.
 - commit_granule_words: 8192.
 - virtual_space_node_default_size: 8388608.
 - enlarge_chunks_in_place: 1.
 - use_allocation_guard: 0.


Internal statistics:

num_allocs_failed_limit: 0.
num_arena_births: 358.
num_arena_deaths: 0.
num_vsnodes_births: 2.
num_vsnodes_deaths: 0.
num_space_committed: 242.
num_space_uncommitted: 0.
num_chunks_returned_to_freelist: 0.
num_chunks_taken_from_freelist: 838.
num_chunk_merges: 0.
num_chunk_splits: 531.
num_chunks_enlarged: 355.
num_inconsistent_stats: 0.

CodeHeap 'non-profiled nmethods': size=120000Kb used=1729Kb max_used=1729Kb free=118270Kb
 bounds [0x000001e1def80000, 0x000001e1df1f0000, 0x000001e1e64b0000]
CodeHeap 'profiled nmethods': size=120000Kb used=7570Kb max_used=7570Kb free=112429Kb
 bounds [0x000001e1d74b0000, 0x000001e1d7c20000, 0x000001e1de9e0000]
CodeHeap 'non-nmethods': size=5760Kb used=1247Kb max_used=1285Kb free=4512Kb
 bounds [0x000001e1de9e0000, 0x000001e1dec50000, 0x000001e1def80000]
CodeCache: size=245760Kb, used=10546Kb, max_used=10584Kb, free=235211Kb
 total_blobs=4156, nmethods=3639, adapters=423, full_count=0
Compilation: enabled, stopped_count=0, restarted_count=0

Compilation events (20 events):
Event: 19.254 Thread 0x000001e1ed3b94c0 3619       3       java.lang.ref.ReferenceQueue::signal (10 bytes)
Event: 19.254 Thread 0x000001e1ed3b94c0 nmethod 3619 0x000001e1d7bff810 code [0x000001e1d7bffa00, 0x000001e1d7bffe08]
Event: 19.255 Thread 0x000001e1ed3b94c0 3622       3       java.util.LinkedList::unlink (91 bytes)
Event: 19.255 Thread 0x000001e1ed3b94c0 nmethod 3622 0x000001e1d7bfff90 code [0x000001e1d7c00140, 0x000001e1d7c003b8]
Event: 19.255 Thread 0x000001e1ed3b94c0 3623       3       java.util.LinkedList$ListItr::remove (84 bytes)
Event: 19.255 Thread 0x000001e1ed3b94c0 nmethod 3623 0x000001e1d7c00490 code [0x000001e1d7c00680, 0x000001e1d7c00b10]
Event: 19.255 Thread 0x000001e1ed3b94c0 3624   !   3       org.osgi.util.tracker.AbstractTracked::trackAdding (167 bytes)
Event: 19.255 Thread 0x000001e1ed3b94c0 nmethod 3624 0x000001e1d7c00d10 code [0x000001e1d7c00f60, 0x000001e1d7c01978]
Event: 19.260 Thread 0x000001e1ed3b94c0 3625   !   3       org.eclipse.osgi.internal.loader.ModuleClassLoader::publicGetPackage (18 bytes)
Event: 19.260 Thread 0x000001e1ed3b94c0 nmethod 3625 0x000001e1d7c01c90 code [0x000001e1d7c01e40, 0x000001e1d7c020f8]
Event: 19.261 Thread 0x000001e1ed3b94c0 3626   !   3       org.eclipse.osgi.internal.weaving.WeavingHookConfigurator::processClass (249 bytes)
Event: 19.261 Thread 0x000001e1ed3b94c0 nmethod 3626 0x000001e1d7c02210 code [0x000001e1d7c025e0, 0x000001e1d7c043a0]
Event: 19.262 Thread 0x000001e1ed3b94c0 3627       3       org.eclipse.osgi.internal.weaving.WeavingHookConfigurator::getRegistry (8 bytes)
Event: 19.262 Thread 0x000001e1ed3b94c0 nmethod 3627 0x000001e1d7c05190 code [0x000001e1d7c05340, 0x000001e1d7c055a8]
Event: 19.262 Thread 0x000001e1ed3b94c0 3628       3       org.eclipse.osgi.internal.weaving.WovenClassImpl::<init> (86 bytes)
Event: 19.262 Thread 0x000001e1ed3b94c0 nmethod 3628 0x000001e1d7c05710 code [0x000001e1d7c05900, 0x000001e1d7c05fe0]
Event: 19.262 Thread 0x000001e1ed3b94c0 3629       3       org.eclipse.osgi.internal.weaving.DynamicImportList::<init> (22 bytes)
Event: 19.262 Thread 0x000001e1ed3b94c0 nmethod 3629 0x000001e1d7c06310 code [0x000001e1d7c064e0, 0x000001e1d7c067f0]
Event: 19.262 Thread 0x000001e1ed3b94c0 3630       3       org.eclipse.osgi.internal.weaving.WovenClassImpl::setWeavingCompleted (53 bytes)
Event: 19.262 Thread 0x000001e1ed3b94c0 nmethod 3630 0x000001e1d7c06990 code [0x000001e1d7c06b60, 0x000001e1d7c06de0]

GC Heap History (12 events):
Event: 0.855 GC heap before
{Heap before GC invocations=1 (full 0):
 PSYoungGen      total 29696K, used 25600K [0x00000000d5580000, 0x00000000d7680000, 0x0000000100000000)
  eden space 25600K, 100% used [0x00000000d5580000,0x00000000d6e80000,0x00000000d6e80000)
  from space 4096K, 0% used [0x00000000d7280000,0x00000000d7280000,0x00000000d7680000)
  to   space 4096K, 0% used [0x00000000d6e80000,0x00000000d6e80000,0x00000000d7280000)
 ParOldGen       total 68608K, used 0K [0x0000000080000000, 0x0000000084300000, 0x00000000d5580000)
  object space 68608K, 0% used [0x0000000080000000,0x0000000080000000,0x0000000084300000)
 Metaspace       used 4493K, committed 4736K, reserved 1114112K
  class space    used 493K, committed 576K, reserved 1048576K
}
Event: 0.865 GC heap after
{Heap after GC invocations=1 (full 0):
 PSYoungGen      total 29696K, used 3264K [0x00000000d5580000, 0x00000000d7680000, 0x0000000100000000)
  eden space 25600K, 0% used [0x00000000d5580000,0x00000000d5580000,0x00000000d6e80000)
  from space 4096K, 79% used [0x00000000d6e80000,0x00000000d71b0158,0x00000000d7280000)
  to   space 4096K, 0% used [0x00000000d7280000,0x00000000d7280000,0x00000000d7680000)
 ParOldGen       total 68608K, used 16K [0x0000000080000000, 0x0000000084300000, 0x00000000d5580000)
  object space 68608K, 0% used [0x0000000080000000,0x0000000080004000,0x0000000084300000)
 Metaspace       used 4493K, committed 4736K, reserved 1114112K
  class space    used 493K, committed 576K, reserved 1048576K
}
Event: 1.573 GC heap before
{Heap before GC invocations=2 (full 0):
 PSYoungGen      total 29696K, used 28864K [0x00000000d5580000, 0x00000000d7680000, 0x0000000100000000)
  eden space 25600K, 100% used [0x00000000d5580000,0x00000000d6e80000,0x00000000d6e80000)
  from space 4096K, 79% used [0x00000000d6e80000,0x00000000d71b0158,0x00000000d7280000)
  to   space 4096K, 0% used [0x00000000d7280000,0x00000000d7280000,0x00000000d7680000)
 ParOldGen       total 68608K, used 16K [0x0000000080000000, 0x0000000084300000, 0x00000000d5580000)
  object space 68608K, 0% used [0x0000000080000000,0x0000000080004000,0x0000000084300000)
 Metaspace       used 8389K, committed 8704K, reserved 1114112K
  class space    used 889K, committed 1024K, reserved 1048576K
}
Event: 1.578 GC heap after
{Heap after GC invocations=2 (full 0):
 PSYoungGen      total 29696K, used 4086K [0x00000000d5580000, 0x00000000d7680000, 0x0000000100000000)
  eden space 25600K, 0% used [0x00000000d5580000,0x00000000d5580000,0x00000000d6e80000)
  from space 4096K, 99% used [0x00000000d7280000,0x00000000d767d810,0x00000000d7680000)
  to   space 4096K, 0% used [0x00000000d6e80000,0x00000000d6e80000,0x00000000d7280000)
 ParOldGen       total 68608K, used 71K [0x0000000080000000, 0x0000000084300000, 0x00000000d5580000)
  object space 68608K, 0% used [0x0000000080000000,0x0000000080011d50,0x0000000084300000)
 Metaspace       used 8389K, committed 8704K, reserved 1114112K
  class space    used 889K, committed 1024K, reserved 1048576K
}
Event: 1.889 GC heap before
{Heap before GC invocations=3 (full 0):
 PSYoungGen      total 29696K, used 29686K [0x00000000d5580000, 0x00000000d7680000, 0x0000000100000000)
  eden space 25600K, 100% used [0x00000000d5580000,0x00000000d6e80000,0x00000000d6e80000)
  from space 4096K, 99% used [0x00000000d7280000,0x00000000d767d810,0x00000000d7680000)
  to   space 4096K, 0% used [0x00000000d6e80000,0x00000000d6e80000,0x00000000d7280000)
 ParOldGen       total 68608K, used 71K [0x0000000080000000, 0x0000000084300000, 0x00000000d5580000)
  object space 68608K, 0% used [0x0000000080000000,0x0000000080011d50,0x0000000084300000)
 Metaspace       used 8781K, committed 9088K, reserved 1114112K
  class space    used 919K, committed 1088K, reserved 1048576K
}
Event: 1.896 GC heap after
{Heap after GC invocations=3 (full 0):
 PSYoungGen      total 29696K, used 4094K [0x00000000d5580000, 0x00000000d7680000, 0x0000000100000000)
  eden space 25600K, 0% used [0x00000000d5580000,0x00000000d5580000,0x00000000d6e80000)
  from space 4096K, 99% used [0x00000000d6e80000,0x00000000d727f808,0x00000000d7280000)
  to   space 4096K, 0% used [0x00000000d7280000,0x00000000d7280000,0x00000000d7680000)
 ParOldGen       total 68608K, used 4600K [0x0000000080000000, 0x0000000084300000, 0x00000000d5580000)
  object space 68608K, 6% used [0x0000000080000000,0x000000008047e1b0,0x0000000084300000)
 Metaspace       used 8781K, committed 9088K, reserved 1114112K
  class space    used 919K, committed 1088K, reserved 1048576K
}
Event: 2.171 GC heap before
{Heap before GC invocations=4 (full 0):
 PSYoungGen      total 29696K, used 29694K [0x00000000d5580000, 0x00000000d7680000, 0x0000000100000000)
  eden space 25600K, 100% used [0x00000000d5580000,0x00000000d6e80000,0x00000000d6e80000)
  from space 4096K, 99% used [0x00000000d6e80000,0x00000000d727f808,0x00000000d7280000)
  to   space 4096K, 0% used [0x00000000d7280000,0x00000000d7280000,0x00000000d7680000)
 ParOldGen       total 68608K, used 4600K [0x0000000080000000, 0x0000000084300000, 0x00000000d5580000)
  object space 68608K, 6% used [0x0000000080000000,0x000000008047e1b0,0x0000000084300000)
 Metaspace       used 10131K, committed 10432K, reserved 1114112K
  class space    used 1054K, committed 1152K, reserved 1048576K
}
Event: 2.178 GC heap after
{Heap after GC invocations=4 (full 0):
 PSYoungGen      total 29696K, used 4072K [0x00000000d5580000, 0x00000000d7680000, 0x0000000100000000)
  eden space 25600K, 0% used [0x00000000d5580000,0x00000000d5580000,0x00000000d6e80000)
  from space 4096K, 99% used [0x00000000d7280000,0x00000000d767a1f0,0x00000000d7680000)
  to   space 4096K, 0% used [0x00000000d6e80000,0x00000000d6e80000,0x00000000d7280000)
 ParOldGen       total 68608K, used 6546K [0x0000000080000000, 0x0000000084300000, 0x00000000d5580000)
  object space 68608K, 9% used [0x0000000080000000,0x0000000080664bf0,0x0000000084300000)
 Metaspace       used 10131K, committed 10432K, reserved 1114112K
  class space    used 1054K, committed 1152K, reserved 1048576K
}
Event: 16.918 GC heap before
{Heap before GC invocations=5 (full 0):
 PSYoungGen      total 29696K, used 29672K [0x00000000d5580000, 0x00000000d7680000, 0x0000000100000000)
  eden space 25600K, 100% used [0x00000000d5580000,0x00000000d6e80000,0x00000000d6e80000)
  from space 4096K, 99% used [0x00000000d7280000,0x00000000d767a1f0,0x00000000d7680000)
  to   space 4096K, 0% used [0x00000000d6e80000,0x00000000d6e80000,0x00000000d7280000)
 ParOldGen       total 68608K, used 6546K [0x0000000080000000, 0x0000000084300000, 0x00000000d5580000)
  object space 68608K, 9% used [0x0000000080000000,0x0000000080664bf0,0x0000000084300000)
 Metaspace       used 10690K, committed 11008K, reserved 1114112K
  class space    used 1093K, committed 1216K, reserved 1048576K
}
Event: 16.921 GC heap after
{Heap after GC invocations=5 (full 0):
 PSYoungGen      total 29184K, used 4074K [0x00000000d5580000, 0x00000000d7900000, 0x0000000100000000)
  eden space 25088K, 0% used [0x00000000d5580000,0x00000000d5580000,0x00000000d6e00000)
  from space 4096K, 99% used [0x00000000d6e80000,0x00000000d727a970,0x00000000d7280000)
  to   space 5632K, 0% used [0x00000000d7380000,0x00000000d7380000,0x00000000d7900000)
 ParOldGen       total 68608K, used 7095K [0x0000000080000000, 0x0000000084300000, 0x00000000d5580000)
  object space 68608K, 10% used [0x0000000080000000,0x00000000806edc00,0x0000000084300000)
 Metaspace       used 10690K, committed 11008K, reserved 1114112K
  class space    used 1093K, committed 1216K, reserved 1048576K
}
Event: 19.250 GC heap before
{Heap before GC invocations=6 (full 0):
 PSYoungGen      total 29184K, used 29162K [0x00000000d5580000, 0x00000000d7900000, 0x0000000100000000)
  eden space 25088K, 100% used [0x00000000d5580000,0x00000000d6e00000,0x00000000d6e00000)
  from space 4096K, 99% used [0x00000000d6e80000,0x00000000d727a970,0x00000000d7280000)
  to   space 5632K, 0% used [0x00000000d7380000,0x00000000d7380000,0x00000000d7900000)
 ParOldGen       total 68608K, used 7095K [0x0000000080000000, 0x0000000084300000, 0x00000000d5580000)
  object space 68608K, 10% used [0x0000000080000000,0x00000000806edc00,0x0000000084300000)
 Metaspace       used 14192K, committed 14720K, reserved 1114112K
  class space    used 1451K, committed 1664K, reserved 1048576K
}
Event: 19.253 GC heap after
{Heap after GC invocations=6 (full 0):
 PSYoungGen      total 30208K, used 5623K [0x00000000d5580000, 0x00000000d7980000, 0x0000000100000000)
  eden space 24576K, 0% used [0x00000000d5580000,0x00000000d5580000,0x00000000d6d80000)
  from space 5632K, 99% used [0x00000000d7380000,0x00000000d78fdc20,0x00000000d7900000)
  to   space 6144K, 0% used [0x00000000d6d80000,0x00000000d6d80000,0x00000000d7380000)
 ParOldGen       total 68608K, used 7247K [0x0000000080000000, 0x0000000084300000, 0x00000000d5580000)
  object space 68608K, 10% used [0x0000000080000000,0x0000000080713c10,0x0000000084300000)
 Metaspace       used 14192K, committed 14720K, reserved 1114112K
  class space    used 1451K, committed 1664K, reserved 1048576K
}

Dll operation events (18 events):
Event: 0.012 Attempting to load shared library c:\Users\Camargo\.vscode\extensions\redhat.java-1.56.0-win32-x64\jre\21.0.12.1-win32-x86_64\bin\java.dll
Event: 0.012 Loaded shared library c:\Users\Camargo\.vscode\extensions\redhat.java-1.56.0-win32-x64\jre\21.0.12.1-win32-x86_64\bin\java.dll
Event: 0.092 Attempting to load shared library c:\Users\Camargo\.vscode\extensions\redhat.java-1.56.0-win32-x64\jre\21.0.12.1-win32-x86_64\bin\zip.dll
Event: 0.092 Loaded shared library c:\Users\Camargo\.vscode\extensions\redhat.java-1.56.0-win32-x64\jre\21.0.12.1-win32-x86_64\bin\zip.dll
Event: 0.114 Attempting to load shared library C:\Users\Camargo\.vscode\extensions\redhat.java-1.56.0-win32-x64\jre\21.0.12.1-win32-x86_64\bin\instrument.dll
Event: 0.114 Loaded shared library C:\Users\Camargo\.vscode\extensions\redhat.java-1.56.0-win32-x64\jre\21.0.12.1-win32-x86_64\bin\instrument.dll
Event: 0.121 Attempting to load shared library C:\Users\Camargo\.vscode\extensions\redhat.java-1.56.0-win32-x64\jre\21.0.12.1-win32-x86_64\bin\net.dll
Event: 0.122 Loaded shared library C:\Users\Camargo\.vscode\extensions\redhat.java-1.56.0-win32-x64\jre\21.0.12.1-win32-x86_64\bin\net.dll
Event: 0.124 Attempting to load shared library C:\Users\Camargo\.vscode\extensions\redhat.java-1.56.0-win32-x64\jre\21.0.12.1-win32-x86_64\bin\nio.dll
Event: 0.124 Loaded shared library C:\Users\Camargo\.vscode\extensions\redhat.java-1.56.0-win32-x64\jre\21.0.12.1-win32-x86_64\bin\nio.dll
Event: 0.128 Attempting to load shared library C:\Users\Camargo\.vscode\extensions\redhat.java-1.56.0-win32-x64\jre\21.0.12.1-win32-x86_64\bin\zip.dll
Event: 0.128 Loaded shared library C:\Users\Camargo\.vscode\extensions\redhat.java-1.56.0-win32-x64\jre\21.0.12.1-win32-x86_64\bin\zip.dll
Event: 0.148 Attempting to load shared library C:\Users\Camargo\.vscode\extensions\redhat.java-1.56.0-win32-x64\jre\21.0.12.1-win32-x86_64\bin\jimage.dll
Event: 0.148 Loaded shared library C:\Users\Camargo\.vscode\extensions\redhat.java-1.56.0-win32-x64\jre\21.0.12.1-win32-x86_64\bin\jimage.dll
Event: 0.230 Attempting to load shared library c:\Users\Camargo\.vscode\extensions\redhat.java-1.56.0-win32-x64\jre\21.0.12.1-win32-x86_64\bin\verify.dll
Event: 0.230 Loaded shared library c:\Users\Camargo\.vscode\extensions\redhat.java-1.56.0-win32-x64\jre\21.0.12.1-win32-x86_64\bin\verify.dll
Event: 1.868 Attempting to load shared library C:\Users\Camargo\AppData\Roaming\Code\User\globalStorage\redhat.java\1.56.0\config_win\org.eclipse.equinox.launcher\org.eclipse.equinox.launcher.win32.win32.x86_64_1.3.100.v20260804-1928\eclipse_11924.dll
Event: 1.936 Loaded shared library C:\Users\Camargo\AppData\Roaming\Code\User\globalStorage\redhat.java\1.56.0\config_win\org.eclipse.equinox.launcher\org.eclipse.equinox.launcher.win32.win32.x86_64_1.3.100.v20260804-1928\eclipse_11924.dll

Deoptimization events (20 events):
Event: 17.041 Thread 0x000001e1f20586b0 DEOPT PACKING pc=0x000001e1df09d1d0 sp=0x00000002cbbf82e0
Event: 17.041 Thread 0x000001e1f20586b0 DEOPT UNPACKING pc=0x000001e1dea33aa2 sp=0x00000002cbbf82b8 mode 2
Event: 18.128 Thread 0x000001e1f20586b0 Uncommon trap: trap_request=0xffffff45 fr.pc=0x000001e1df10e460 relative=0x0000000000000360
Event: 18.128 Thread 0x000001e1f20586b0 Uncommon trap: reason=unstable_if action=reinterpret pc=0x000001e1df10e460 method=com.sun.org.apache.xerces.internal.impl.XMLEntityScanner.scanLiteral(ILcom/sun/org/apache/xerces/internal/xni/XMLString;Z)I @ 189 c2
Event: 18.128 Thread 0x000001e1f20586b0 DEOPT PACKING pc=0x000001e1df10e460 sp=0x00000002cbbf82f0
Event: 18.128 Thread 0x000001e1f20586b0 DEOPT UNPACKING pc=0x000001e1dea33aa2 sp=0x00000002cbbf8280 mode 2
Event: 18.132 Thread 0x000001e1f20586b0 DEOPT PACKING pc=0x000001e1d7b22928 sp=0x00000002cbbf84e0
Event: 18.132 Thread 0x000001e1f20586b0 DEOPT UNPACKING pc=0x000001e1dea34242 sp=0x00000002cbbf79a0 mode 0
Event: 18.133 Thread 0x000001e1f20586b0 Uncommon trap: trap_request=0xffffff45 fr.pc=0x000001e1df10da28 relative=0x0000000000000088
Event: 18.133 Thread 0x000001e1f20586b0 Uncommon trap: reason=unstable_if action=reinterpret pc=0x000001e1df10da28 method=com.sun.org.apache.xerces.internal.impl.XMLEntityScanner.checkBeforeLoad(Lcom/sun/xml/internal/stream/Entity$ScannedEntity;II)I @ 18 c2
Event: 18.133 Thread 0x000001e1f20586b0 DEOPT PACKING pc=0x000001e1df10da28 sp=0x00000002cbbf8450
Event: 18.133 Thread 0x000001e1f20586b0 DEOPT UNPACKING pc=0x000001e1dea33aa2 sp=0x00000002cbbf83c0 mode 2
Event: 18.133 Thread 0x000001e1f20586b0 DEOPT PACKING pc=0x000001e1d7b22928 sp=0x00000002cbbf8300
Event: 18.133 Thread 0x000001e1f20586b0 DEOPT UNPACKING pc=0x000001e1dea34242 sp=0x00000002cbbf77c0 mode 0
Event: 18.136 Thread 0x000001e1f20586b0 DEOPT PACKING pc=0x000001e1d7b22928 sp=0x00000002cbbf84e0
Event: 18.136 Thread 0x000001e1f20586b0 DEOPT UNPACKING pc=0x000001e1dea34242 sp=0x00000002cbbf79a0 mode 0
Event: 18.188 Thread 0x000001e1f20586b0 Uncommon trap: trap_request=0xffffff45 fr.pc=0x000001e1df115828 relative=0x0000000000000428
Event: 18.189 Thread 0x000001e1f20586b0 Uncommon trap: reason=unstable_if action=reinterpret pc=0x000001e1df115828 method=com.sun.org.apache.xerces.internal.impl.XMLEntityScanner.scanLiteral(ILcom/sun/org/apache/xerces/internal/xni/XMLString;Z)I @ 299 c2
Event: 18.189 Thread 0x000001e1f20586b0 DEOPT PACKING pc=0x000001e1df115828 sp=0x00000002cbbfd4e0
Event: 18.189 Thread 0x000001e1f20586b0 DEOPT UNPACKING pc=0x000001e1dea33aa2 sp=0x00000002cbbfd470 mode 2

Classes loaded (20 events):
Event: 16.957 Loading class com/sun/org/apache/xerces/internal/impl/Constants$ArrayEnumeration
Event: 16.957 Loading class com/sun/org/apache/xerces/internal/impl/Constants$ArrayEnumeration done
Event: 16.963 Loading class com/sun/org/apache/xerces/internal/impl/io/MalformedByteSequenceException
Event: 16.963 Loading class java/io/CharConversionException
Event: 16.963 Loading class java/io/CharConversionException done
Event: 16.963 Loading class com/sun/org/apache/xerces/internal/impl/io/MalformedByteSequenceException done
Event: 16.970 Loading class java/util/concurrent/CompletionStage
Event: 16.971 Loading class java/util/concurrent/CompletionStage done
Event: 16.978 Loading class java/util/concurrent/locks/ReentrantLock$FairSync
Event: 16.978 Loading class java/util/concurrent/locks/ReentrantLock$FairSync done
Event: 17.024 Loading class java/lang/invoke/DirectMethodHandle$StaticAccessor
Event: 17.024 Loading class java/lang/invoke/DirectMethodHandle$StaticAccessor done
Event: 17.029 Loading class java/lang/IllegalCallerException
Event: 17.029 Loading class java/lang/IllegalCallerException done
Event: 17.033 Loading class java/lang/invoke/DirectMethodHandle$1
Event: 17.033 Loading class java/lang/invoke/DirectMethodHandle$1 done
Event: 17.036 Loading class org/xml/sax/SAXParseException
Event: 17.036 Loading class org/xml/sax/SAXParseException done
Event: 18.196 Loading class java/lang/Process
Event: 18.197 Loading class java/lang/Process done

Classes unloaded (0 events):
No events

Classes redefined (0 events):
No events

Internal exceptions (20 events):
Event: 1.079 Thread 0x000001e1d26e1240 Exception <a 'java/lang/NoSuchMethodError'{0x00000000d5bc0538}: 'int java.lang.invoke.DirectMethodHandle$Holder.invokeVirtual(java.lang.Object, java.lang.Object)'> (0x00000000d5bc0538) 
thrown [s\src\hotspot\share\interpreter\linkResolver.cpp, line 773]
Event: 1.354 Thread 0x000001e1d26e1240 Exception <a 'java/lang/IncompatibleClassChangeError'{0x00000000d65d70e0}: Found class java.lang.Object, but interface was expected> (0x00000000d65d70e0) 
thrown [s\src\hotspot\share\interpreter\linkResolver.cpp, line 840]
Event: 1.360 Thread 0x000001e1d26e1240 Exception <a 'java/lang/NoSuchMethodError'{0x00000000d65dfb20}: 'void java.lang.invoke.DirectMethodHandle$Holder.invokeInterface(java.lang.Object, java.lang.Object, java.lang.Object)'> (0x00000000d65dfb20) 
thrown [s\src\hotspot\share\interpreter\linkResolver.cpp, line 773]
Event: 1.383 Thread 0x000001e1d26e1240 Exception <a 'java/lang/NoSuchMethodError'{0x00000000d67fe898}: 'int java.lang.invoke.DirectMethodHandle$Holder.invokeStaticInit(java.lang.Object, java.lang.Object, java.lang.Object, java.lang.Object)'> (0x00000000d67fe898) 
thrown [s\src\hotspot\share\interpreter\linkResolver.cpp, line 773]
Event: 1.385 Thread 0x000001e1d26e1240 Exception <a 'java/lang/NoSuchMethodError'{0x00000000d6809148}: 'void java.lang.invoke.DirectMethodHandle$Holder.invokeStaticInit(java.lang.Object, java.lang.Object)'> (0x00000000d6809148) 
thrown [s\src\hotspot\share\interpreter\linkResolver.cpp, line 773]
Event: 1.386 Thread 0x000001e1d26e1240 Exception <a 'java/lang/NoSuchMethodError'{0x00000000d680f948}: 'int java.lang.invoke.DirectMethodHandle$Holder.invokeStaticInit(java.lang.Object, java.lang.Object)'> (0x00000000d680f948) 
thrown [s\src\hotspot\share\interpreter\linkResolver.cpp, line 773]
Event: 1.420 Thread 0x000001e1d26e1240 Exception <a 'java/lang/NoSuchMethodError'{0x00000000d69f7b58}: 'java.lang.Object java.lang.invoke.DirectMethodHandle$Holder.newInvokeSpecial(java.lang.Object, int, java.lang.Object)'> (0x00000000d69f7b58) 
thrown [s\src\hotspot\share\interpreter\linkResolver.cpp, line 773]
Event: 1.451 Thread 0x000001e1d26e1240 Exception <a 'java/lang/ClassNotFoundException'{0x00000000d6b7c2e0}: sun/net/www/protocol/plurl/Handler> (0x00000000d6b7c2e0) 
thrown [s\src\hotspot\share\classfile\systemDictionary.cpp, line 313]
Event: 1.451 Thread 0x000001e1d26e1240 Exception <a 'java/lang/ClassNotFoundException'{0x00000000d6b7d160}: sun/net/www/protocol/plurl/Handler> (0x00000000d6b7d160) 
thrown [s\src\hotspot\share\classfile\systemDictionary.cpp, line 313]
Event: 1.455 Thread 0x000001e1d26e1240 Exception <a 'java/lang/NoSuchMethodError'{0x00000000d6bbd1f0}: 'void java.lang.invoke.DirectMethodHandle$Holder.invokeSpecial(java.lang.Object, java.lang.Object, java.lang.Object)'> (0x00000000d6bbd1f0) 
thrown [s\src\hotspot\share\interpreter\linkResolver.cpp, line 773]
Event: 1.866 Thread 0x000001e1d26e1240 Exception <a 'java/lang/UnsatisfiedLinkError'{0x00000000d6d306a0}: 'void org.eclipse.equinox.launcher.JNIBridge._update_splash()'> (0x00000000d6d306a0) 
thrown [s\src\hotspot\share\prims\nativeLookup.cpp, line 415]
Event: 2.089 Thread 0x000001e1f20586b0 Exception <a 'java/lang/NoSuchMethodError'{0x00000000d69598b8}: 'java.lang.Object java.lang.invoke.DirectMethodHandle$Holder.newInvokeSpecial(java.lang.Object, java.lang.Object, int, java.lang.Object)'> (0x00000000d69598b8) 
thrown [s\src\hotspot\share\interpreter\linkResolver.cpp, line 773]
Event: 2.089 Thread 0x000001e1f20586b0 Exception <a 'java/lang/NoSuchMethodError'{0x00000000d695d6e8}: 'java.lang.Object java.lang.invoke.DirectMethodHandle$Holder.invokeSpecial(java.lang.Object, java.lang.Object, java.lang.Object, int, java.lang.Object)'> (0x00000000d695d6e8) 
thrown [s\src\hotspot\share\interpreter\linkResolver.cpp, line 773]
Event: 2.101 Thread 0x000001e1f20586b0 Exception <a 'java/lang/NoClassDefFoundError'{0x00000000d6a0c310}: jakarta/servlet/ServletContainerInitializer> (0x00000000d6a0c310) 
thrown [s\src\hotspot\share\classfile\systemDictionary.cpp, line 302]
Event: 2.128 Thread 0x000001e1f20586b0 Exception <a 'java/lang/ClassNotFoundException'{0x00000000d6b9e410}: sun/util/logging/resources/spi/loggingProvider> (0x00000000d6b9e410) 
thrown [s\src\hotspot\share\classfile\systemDictionary.cpp, line 313]
Event: 16.927 Thread 0x000001e1f20586b0 Exception <a 'java/lang/NullPointerException'{0x00000000d55ea668}> (0x00000000d55ea668) 
thrown [s\src\hotspot\share\interpreter\linkResolver.cpp, line 1372]
Event: 16.927 Thread 0x000001e1f20586b0 Exception <a 'java/lang/NullPointerException'{0x00000000d55ea948}> (0x00000000d55ea948) 
thrown [s\src\hotspot\share\interpreter\linkResolver.cpp, line 1372]
Event: 17.025 Thread 0x000001e1f20586b0 Exception <a 'java/lang/NoSuchMethodError'{0x00000000d5ff8cf8}: 'void java.lang.invoke.Invokers$Holder.invokeExact_MT(java.lang.Object, java.lang.Object, java.lang.Object)'> (0x00000000d5ff8cf8) 
thrown [s\src\hotspot\share\interpreter\linkResolver.cpp, line 773]
Event: 18.172 Thread 0x000001e1f20586b0 Exception <a 'java/io/FileNotFoundException'{0x00000000d67cf208}> (0x00000000d67cf208) 
thrown [s\src\hotspot\share\prims\jni.cpp, line 520]
Event: 19.238 Thread 0x000001e1f20586b0 Exception <a 'java/lang/NoSuchMethodError'{0x00000000d6caf930}: 'java.lang.Object java.lang.invoke.Invokers$Holder.linkToTargetMethod(java.lang.Object, long, java.lang.Object)'> (0x00000000d6caf930) 
thrown [s\src\hotspot\share\interpreter\linkResolver.cpp, line 773]

ZGC Phase Switch (0 events):
No events

VM Operations (20 events):
Event: 6.264 Executing safepoint VM operation: Cleanup
Event: 6.264 Executing safepoint VM operation: Cleanup done
Event: 8.265 Executing safepoint VM operation: Cleanup
Event: 8.265 Executing safepoint VM operation: Cleanup done
Event: 12.283 Executing safepoint VM operation: Cleanup
Event: 14.009 Executing safepoint VM operation: Cleanup done
Event: 16.017 Executing safepoint VM operation: Cleanup
Event: 16.017 Executing safepoint VM operation: Cleanup done
Event: 16.918 Executing safepoint VM operation: ParallelGCFailedAllocation (Allocation Failure)
Event: 16.921 Executing safepoint VM operation: ParallelGCFailedAllocation (Allocation Failure) done
Event: 16.979 Executing non-safepoint VM operation: HandshakeAllThreads (Deoptimize)
Event: 16.979 Executing non-safepoint VM operation: HandshakeAllThreads (Deoptimize) done
Event: 17.994 Executing safepoint VM operation: Cleanup
Event: 18.120 Executing safepoint VM operation: Cleanup done
Event: 19.134 Executing safepoint VM operation: Cleanup
Event: 19.134 Executing safepoint VM operation: Cleanup done
Event: 19.250 Executing safepoint VM operation: ParallelGCFailedAllocation (Allocation Failure)
Event: 19.253 Executing safepoint VM operation: ParallelGCFailedAllocation (Allocation Failure) done
Event: 20.262 Executing safepoint VM operation: Cleanup
Event: 20.262 Executing safepoint VM operation: Cleanup done

Memory protections (0 events):
No events

Nmethod flushes (0 events):
No events

Events (20 events):
Event: 1.959 Thread 0x000001e1f205bb30 Thread added: 0x000001e1f205e920
Event: 1.959 Thread 0x000001e1f205c850 Thread added: 0x000001e1f205d570
Event: 2.978 Thread 0x000001e1f26b84e0 Thread exited: 0x000001e1f26b84e0
Event: 2.980 Thread 0x000001e1ed6d31e0 Thread exited: 0x000001e1ed6d31e0
Event: 3.941 Thread 0x000001e1ed3b94c0 Thread added: 0x000001e1f26b84e0
Event: 4.178 Thread 0x000001e1f26b84e0 Thread exited: 0x000001e1f26b84e0
Event: 14.009 Thread 0x000001e1f205c1c0 Thread exited: 0x000001e1f205c1c0
Event: 14.009 Thread 0x000001e1f205e920 Thread exited: 0x000001e1f205e920
Event: 14.009 Thread 0x000001e1f2058d40 Thread exited: 0x000001e1f2058d40
Event: 14.009 Thread 0x000001e1ed3a68e0 Thread exited: 0x000001e1ed3a68e0
Event: 14.009 Thread 0x000001e1f2059a60 Thread exited: 0x000001e1f2059a60
Event: 14.009 Thread 0x000001e1ed3a5530 Thread exited: 0x000001e1ed3a5530
Event: 14.009 Thread 0x000001e1f205a0f0 Thread exited: 0x000001e1f205a0f0
Event: 14.009 Thread 0x000001e1ed3a5bc0 Thread exited: 0x000001e1ed3a5bc0
Event: 14.009 Thread 0x000001e1f205c850 Thread exited: 0x000001e1f205c850
Event: 14.009 Thread 0x000001e1f205a780 Thread exited: 0x000001e1f205a780
Event: 14.009 Thread 0x000001e1f205d570 Thread exited: 0x000001e1f205d570
Event: 14.009 Thread 0x000001e1f20593d0 Thread exited: 0x000001e1f20593d0
Event: 16.906 Thread 0x000001e1f20586b0 Thread added: 0x000001e1f205c1c0
Event: 16.937 Thread 0x000001e1ed3b94c0 Thread added: 0x000001e1f22fc790


Dynamic libraries:
0x00007ff715b70000 - 0x00007ff715b7e000 	c:\Users\Camargo\.vscode\extensions\redhat.java-1.56.0-win32-x64\jre\21.0.12.1-win32-x86_64\bin\java.exe
0x00007ffcc72a0000 - 0x00007ffcc7506000 	C:\WINDOWS\SYSTEM32\ntdll.dll
0x00007ffcc6670000 - 0x00007ffcc6739000 	C:\WINDOWS\System32\KERNEL32.DLL
0x00007ffcc4620000 - 0x00007ffcc4a1e000 	C:\WINDOWS\System32\KERNELBASE.dll
0x00007ffcc44c0000 - 0x00007ffcc460c000 	C:\WINDOWS\System32\ucrtbase.dll
0x00007ffcb8130000 - 0x00007ffcb8148000 	c:\Users\Camargo\.vscode\extensions\redhat.java-1.56.0-win32-x64\jre\21.0.12.1-win32-x86_64\bin\jli.dll
0x00007ffcb8110000 - 0x00007ffcb812e000 	c:\Users\Camargo\.vscode\extensions\redhat.java-1.56.0-win32-x64\jre\21.0.12.1-win32-x86_64\bin\VCRUNTIME140.dll
0x00007ffcc6210000 - 0x00007ffcc63d7000 	C:\WINDOWS\System32\USER32.dll
0x00007ffcaf160000 - 0x00007ffcaf3f2000 	C:\WINDOWS\WinSxS\amd64_microsoft.windows.common-controls_6595b64144ccf1df_6.0.26100.8875_none_3e0d5d42e32fe9dd\COMCTL32.dll
0x00007ffcc4dc0000 - 0x00007ffcc4de7000 	C:\WINDOWS\System32\win32u.dll
0x00007ffcc6740000 - 0x00007ffcc67e9000 	C:\WINDOWS\System32\msvcrt.dll
0x00007ffcc67f0000 - 0x00007ffcc681b000 	C:\WINDOWS\System32\GDI32.dll
0x00007ffcc4df0000 - 0x00007ffcc4f1a000 	C:\WINDOWS\System32\gdi32full.dll
0x00007ffcc4f20000 - 0x00007ffcc4fc3000 	C:\WINDOWS\System32\msvcp_win.dll
0x00007ffcc7170000 - 0x00007ffcc71a2000 	C:\WINDOWS\System32\IMM32.DLL
0x00007ffcc0fe0000 - 0x00007ffcc0fec000 	c:\Users\Camargo\.vscode\extensions\redhat.java-1.56.0-win32-x64\jre\21.0.12.1-win32-x86_64\bin\vcruntime140_1.dll
0x00007ffcac420000 - 0x00007ffcac4ad000 	c:\Users\Camargo\.vscode\extensions\redhat.java-1.56.0-win32-x64\jre\21.0.12.1-win32-x86_64\bin\msvcp140.dll
0x00007ffc69c60000 - 0x00007ffc6aa02000 	c:\Users\Camargo\.vscode\extensions\redhat.java-1.56.0-win32-x64\jre\21.0.12.1-win32-x86_64\bin\server\jvm.dll
0x00007ffcc5700000 - 0x00007ffcc57b7000 	C:\WINDOWS\System32\ADVAPI32.dll
0x00007ffcc71b0000 - 0x00007ffcc725a000 	C:\WINDOWS\System32\sechost.dll
0x00007ffcc6400000 - 0x00007ffcc6518000 	C:\WINDOWS\System32\RPCRT4.dll
0x00007ffcc6850000 - 0x00007ffcc68d0000 	C:\WINDOWS\System32\WS2_32.dll
0x00007ffcc4320000 - 0x00007ffcc437e000 	C:\WINDOWS\SYSTEM32\POWRPROF.dll
0x00007ffcbc4e0000 - 0x00007ffcbc516000 	C:\WINDOWS\SYSTEM32\WINMM.dll
0x00007ffcbc960000 - 0x00007ffcbc96b000 	C:\WINDOWS\SYSTEM32\VERSION.dll
0x00007ffcc4300000 - 0x00007ffcc4314000 	C:\WINDOWS\SYSTEM32\UMPDC.dll
0x00007ffcc31a0000 - 0x00007ffcc31bb000 	C:\WINDOWS\SYSTEM32\kernel.appcore.dll
0x00007ffcc0a70000 - 0x00007ffcc0a7a000 	c:\Users\Camargo\.vscode\extensions\redhat.java-1.56.0-win32-x64\jre\21.0.12.1-win32-x86_64\bin\jimage.dll
0x00007ffc9c770000 - 0x00007ffc9c9b2000 	C:\WINDOWS\SYSTEM32\DBGHELP.DLL
0x00007ffcc5df0000 - 0x00007ffcc6173000 	C:\WINDOWS\System32\combase.dll
0x00007ffcc6520000 - 0x00007ffcc65f9000 	C:\WINDOWS\System32\OLEAUT32.dll
0x00007ffcb55a0000 - 0x00007ffcb55db000 	C:\WINDOWS\SYSTEM32\dbgcore.DLL
0x00007ffcc4c40000 - 0x00007ffcc4cec000 	C:\WINDOWS\System32\bcryptPrimitives.dll
0x00007ffcbf360000 - 0x00007ffcbf36f000 	c:\Users\Camargo\.vscode\extensions\redhat.java-1.56.0-win32-x64\jre\21.0.12.1-win32-x86_64\bin\instrument.dll
0x00007ffcb7f00000 - 0x00007ffcb7f20000 	c:\Users\Camargo\.vscode\extensions\redhat.java-1.56.0-win32-x64\jre\21.0.12.1-win32-x86_64\bin\java.dll
0x00007ffcc69c0000 - 0x00007ffcc7152000 	C:\WINDOWS\System32\SHELL32.dll
0x00007ffcc1fa0000 - 0x00007ffcc2832000 	C:\WINDOWS\SYSTEM32\windows.storage.dll
0x00007ffcc4fd0000 - 0x00007ffcc50c7000 	C:\WINDOWS\System32\SHCORE.dll
0x00007ffcc6600000 - 0x00007ffcc6667000 	C:\WINDOWS\System32\shlwapi.dll
0x00007ffcc43e0000 - 0x00007ffcc4409000 	C:\WINDOWS\SYSTEM32\profapi.dll
0x00007ffcb5a00000 - 0x00007ffcb5a18000 	c:\Users\Camargo\.vscode\extensions\redhat.java-1.56.0-win32-x64\jre\21.0.12.1-win32-x86_64\bin\zip.dll
0x00007ffcbf2b0000 - 0x00007ffcbf2c0000 	C:\Users\Camargo\.vscode\extensions\redhat.java-1.56.0-win32-x64\jre\21.0.12.1-win32-x86_64\bin\net.dll
0x00007ffcbd500000 - 0x00007ffcbd627000 	C:\WINDOWS\SYSTEM32\WINHTTP.dll
0x00007ffcc3750000 - 0x00007ffcc37bc000 	C:\WINDOWS\system32\mswsock.dll
0x00007ffcb5320000 - 0x00007ffcb5336000 	C:\Users\Camargo\.vscode\extensions\redhat.java-1.56.0-win32-x64\jre\21.0.12.1-win32-x86_64\bin\nio.dll
0x00007ffcbd220000 - 0x00007ffcbd230000 	c:\Users\Camargo\.vscode\extensions\redhat.java-1.56.0-win32-x64\jre\21.0.12.1-win32-x86_64\bin\verify.dll
0x00007ffcad300000 - 0x00007ffcad345000 	C:\Users\Camargo\AppData\Roaming\Code\User\globalStorage\redhat.java\1.56.0\config_win\org.eclipse.equinox.launcher\org.eclipse.equinox.launcher.win32.win32.x86_64_1.3.100.v20260804-1928\eclipse_11924.dll
0x00007ffcc5560000 - 0x00007ffcc56f9000 	C:\WINDOWS\System32\ole32.dll

JVMTI agents:
c:\Users\Camargo\.vscode\extensions\redhat.java-1.56.0-win32-x64\lombok\lombok-1.18.39-4050.jar path:c:\Users\Camargo\.vscode\extensions\redhat.java-1.56.0-win32-x64\jre\21.0.12.1-win32-x86_64\bin\instrument.dll, loaded, initialized, instrumentlib options:none

dbghelp: loaded successfully - version: 4.0.5 - missing functions: none
symbol engine: initialized successfully - sym options: 0x614 - pdb path: .;c:\Users\Camargo\.vscode\extensions\redhat.java-1.56.0-win32-x64\jre\21.0.12.1-win32-x86_64\bin;C:\WINDOWS\SYSTEM32;C:\WINDOWS\WinSxS\amd64_microsoft.windows.common-controls_6595b64144ccf1df_6.0.26100.8875_none_3e0d5d42e32fe9dd;c:\Users\Camargo\.vscode\extensions\redhat.java-1.56.0-win32-x64\jre\21.0.12.1-win32-x86_64\bin\server;C:\Users\Camargo\AppData\Roaming\Code\User\globalStorage\redhat.java\1.56.0\config_win\org.eclipse.equinox.launcher\org.eclipse.equinox.launcher.win32.win32.x86_64_1.3.100.v20260804-1928

VM Arguments:
jvm_args: --add-modules=ALL-SYSTEM --add-opens=java.base/java.util=ALL-UNNAMED --add-opens=java.base/java.lang=ALL-UNNAMED --add-opens=java.base/sun.nio.fs=ALL-UNNAMED -Declipse.application=org.eclipse.jdt.ls.core.id1 -Dosgi.bundles.defaultStartLevel=4 -Declipse.product=org.eclipse.jdt.ls.core.product -Djava.import.generatesMetadataFilesAtProjectRoot=false -Dm2e.project.cache.size=50 -DDetectVMInstallationsJob.disabled=true -Dfile.encoding=utf8 -XX:+UseParallelGC -XX:GCTimeRatio=4 -XX:AdaptiveSizePolicyWeight=90 -Dsun.zip.disableMemoryMapping=true -Xmx2G -Xms100m -Xlog:disable -javaagent:c:\Users\Camargo\.vscode\extensions\redhat.java-1.56.0-win32-x64\lombok\lombok-1.18.39-4050.jar -XX:+HeapDumpOnOutOfMemoryError -XX:HeapDumpPath=c:\Users\Camargo\AppData\Roaming\Code\User\workspaceStorage\75a664772d94103f67c775188cdd8996\redhat.java -Daether.dependencyCollector.impl=bf 
java_command: c:\Users\Camargo\.vscode\extensions\redhat.java-1.56.0-win32-x64\server\plugins\org.eclipse.equinox.launcher_1.8.0.v20260804-1928.jar -configuration c:\Users\Camargo\AppData\Roaming\Code\User\globalStorage\redhat.java\1.56.0\config_win -data c:\Users\Camargo\AppData\Roaming\Code\User\workspaceStorage\75a664772d94103f67c775188cdd8996\redhat.java\jdt_ws --pipe=\\.\pipe\lsp-95c2b578c5b58e6d1ee7b6a98a6b0482-sock
java_class_path (initial): c:\Users\Camargo\.vscode\extensions\redhat.java-1.56.0-win32-x64\server\plugins\org.eclipse.equinox.launcher_1.8.0.v20260804-1928.jar
Launcher Type: SUN_STANDARD

[Global flags]
    uintx AdaptiveSizePolicyWeight                 = 90                                        {product} {command line}
     intx CICompilerCount                          = 4                                         {product} {ergonomic}
    uintx GCTimeRatio                              = 4                                         {product} {command line}
     bool HeapDumpOnOutOfMemoryError               = true                                   {manageable} {command line}
    ccstr HeapDumpPath                             = c:\Users\Camargo\AppData\Roaming\Code\User\workspaceStorage\75a664772d94103f67c775188cdd8996\redhat.java         {manageable} {command line}
   size_t InitialHeapSize                          = 104857600                                 {product} {command line}
   size_t MaxHeapSize                              = 2147483648                                {product} {command line}
   size_t MaxNewSize                               = 715653120                                 {product} {ergonomic}
   size_t MinHeapDeltaBytes                        = 524288                                    {product} {ergonomic}
   size_t MinHeapSize                              = 104857600                                 {product} {command line}
   size_t NewSize                                  = 34603008                                  {product} {ergonomic}
    uintx NonNMethodCodeHeapSize                   = 5839372                                {pd product} {ergonomic}
    uintx NonProfiledCodeHeapSize                  = 122909434                              {pd product} {ergonomic}
   size_t OldSize                                  = 70254592                                  {product} {ergonomic}
    uintx ProfiledCodeHeapSize                     = 122909434                              {pd product} {ergonomic}
    uintx ReservedCodeCacheSize                    = 251658240                              {pd product} {ergonomic}
     bool SegmentedCodeCache                       = true                                      {product} {ergonomic}
   size_t SoftMaxHeapSize                          = 2147483648                             {manageable} {ergonomic}
     bool UseCompressedOops                        = true                           {product lp64_product} {ergonomic}
     bool UseLargePagesIndividualAllocation        = false                                  {pd product} {ergonomic}
     bool UseParallelGC                            = true                                      {product} {command line}

Logging:
Log output configuration:
 #0: stdout all=off uptime,level,tags foldmultilines=false
 #1: stderr all=off uptime,level,tags foldmultilines=false

Release file:
JAVA_VERSION="21.0.12.1" 
MODULES="java.base java.compiler java.datatransfer java.xml java.prefs java.desktop java.instrument java.logging java.management java.security.sasl java.naming java.rmi java.management.rmi java.net.http java.scripting java.security.jgss java.transaction.xa java.sql java.sql.rowset java.xml.crypto java.se java.smartcardio jdk.accessibility jdk.internal.jvmstat jdk.attach jdk.charsets jdk.internal.opt jdk.zipfs jdk.compiler jdk.crypto.ec jdk.crypto.cryptoki jdk.crypto.mscapi jdk.dynalink jdk.internal.ed jdk.editpad jdk.hotspot.agent jdk.httpserver jdk.internal.le jdk.internal.vm.ci jdk.internal.vm.compiler jdk.internal.vm.compiler.management jdk.jartool jdk.javadoc jdk.jcmd jdk.management jdk.management.agent jdk.jconsole jdk.jdeps jdk.jdwp.agent jdk.jdi jdk.jfr jdk.jshell jdk.jsobject jdk.jstatd jdk.localedata jdk.management.jfr jdk.naming.dns jdk.naming.rmi jdk.net jdk.nio.mapmode jdk.random jdk.sctp jdk.security.auth jdk.security.jgss jdk.unsupported jdk.unsupported.desktop jdk.xml.dom" 

Environment Variables:
JAVA_HOME=C:\Program Files\Amazon Corretto\jdk25.0.3_9
PATH=C:\Users\Camargo\bin;C:\Program Files\Git\mingw64\bin;C:\Program Files\Git\usr\local\bin;C:\Program Files\Git\usr\bin;C:\Program Files\Git\usr\bin;C:\Program Files\Git\mingw64\bin;C:\Program Files\Git\usr\bin;C:\Users\Camargo\bin;C:\Program Files\Amazon Corretto\jdk25.0.3_9\bin;C:\WINDOWS\system32;C:\WINDOWS;C:\WINDOWS\System32\Wbem;C:\WINDOWS\System32\WindowsPowerShell\v1.0;C:\WINDOWS\System32\OpenSSH;C:\Program Files\nodejs;C:\Program Files\Git\cmd;C:\Users\Camargo\.config\herd\bin\nvm;C:\Program Files\nodejs;C:\xampp\php;C:\ProgramData\ComposerSetup\bin;C:\Users\Camargo\AppData\Local\Programs\Python\Launcher;C:\Users\Camargo\.config\herd\bin;C:\Users\Camargo\AppData\Local\Microsoft\WindowsApps;C:\Users\Camargo\AppData\Roaming\npm;C:\Users\Camargo\AppData\Local\Programs\Microsoft VS Code\bin;C:\Users\Camargo\AppData\Roaming\Composer\vendor\bin;C:\Program Files\Git\usr\bin\vendor_perl;C:\Program Files\Git\usr\bin\core_perl
USERNAME=Camargo
SHELL=C:\Program Files\Git\usr\bin\bash.exe
DISPLAY=needs-to-be-defined
LC_CTYPE=pt_BR.UTF-8
TERM=xterm
TMPDIR=C:\Users\Camargo\AppData\Local\Temp
OS=Windows_NT
PROCESSOR_IDENTIFIER=AMD64 Family 25 Model 80 Stepping 0, AuthenticAMD
TMP=C:\Users\Camargo\AppData\Local\Temp
TEMP=C:\Users\Camargo\AppData\Local\Temp




Periodic native trim disabled

---------------  S Y S T E M  ---------------

OS:
 Windows 11 , 64 bit Build 26100 (10.0.26100.8875)
OS uptime: 0 days 1:28 hours

CPU: total 12 (initial active 12) (12 cores per cpu, 2 threads per core) family 25 model 80 stepping 0 microcode 0xa500014, cx8, cmov, fxsr, ht, mmx, 3dnowpref, sse, sse2, sse3, ssse3, sse4a, sse4.1, sse4.2, popcnt, lzcnt, tsc, tscinvbit, avx, avx2, aes, erms, clmul, bmi1, bmi2, adx, sha, fma, vzeroupper, clflush, clflushopt, rdtscp, rdpid, fsrm, f16c, pku, cet_ss
Processor Information for the first 12 processors :
  Max Mhz: 3901, Current Mhz: 3901, Mhz Limit: 3901

Memory: 4k page, system-wide physical 15723M (1109M free)
TotalPageFile size 15723M (AvailPageFile size 7M)
current process WorkingSet (physical memory assigned to process): 133M, peak: 134M
current process commit charge ("private bytes"): 277M, peak: 279M

vm_info: OpenJDK 64-Bit Server VM (21.0.12.1+1-LTS) for windows-amd64 JRE (21.0.12.1+1-LTS), built on 2026-08-18T00:00:00Z by "admin" with MS VC++ 17.12 (VS2022)

END.
